********* Start testing of KisAiStrokeProgramTest *********
Config: Using QtTest library 6.11.1, Qt 6.11.1 (x86_64-little_endian-llp64 shared (dynamic) release build; by GCC 14.2.0), windows 11
PASS   : KisAiStrokeProgramTest::initTestCase()
PASS   : KisAiStrokeProgramTest::testSanitizeAndExtractJson()
PASS   : KisAiStrokeProgramTest::testParseValidProgram()
FAIL!  : KisAiStrokeProgramTest::testBuildChatCompletionsPayload() 'systemPrompt.contains(QStringLiteral("silently audit"), Qt::CaseInsensitive)' returned FALSE. ()
C:/Users/mibu0/Documents/develop/AI Stroke Painter MVP ZIP/ai_stroke_painter/libs/ui/tests/KisAiStrokeProgramTest.cpp(103) : failure location
PASS   : KisAiStrokeProgramTest::testStrokeProgramJsonSchema()
PASS   : KisAiStrokeProgramTest::testTruncatedJsonRecovery()
PASS   : KisAiStrokeProgramTest::testLayerAndKindAliases()
PASS   : KisAiStrokeProgramTest::testObjectPointParsing()
PASS   : KisAiStrokeProgramTest::testPixelCoordinateAutoNormalization()
PASS   : KisAiStrokeProgramTest::testColorAndBrushParsing()
PASS   : KisAiStrokeProgramTest::testStableSeed()
PASS   : KisAiStrokeProgramTest::testPromptAnalyzerDomainClassification()
PASS   : KisAiStrokeProgramTest::testHatchOperationParsing()
PASS   : KisAiStrokeProgramTest::testProceduralCharacterGeneration()
PASS   : KisAiStrokeProgramTest::testNormalizeLayerName()
PASS   : KisAiStrokeProgramTest::testCountLayerOperationsAndFormatSummary()
PASS   : KisAiStrokeProgramTest::testRefineForRenderingRepairsModelGeometry()
PASS   : KisAiStrokeProgramTest::testStructuralQualityScore()
PASS   : KisAiStrokeProgramTest::testParseGeometrySafetyLimits()
FAIL!  : KisAiStrokeProgramTest::testGradientDirectionPointsParsing() 'KisAiStrokeProgramCodec::parseResponse(QJsonDocument(root).toJson(QJsonDocument::Compact), &program, &error)' returned FALSE. (描画可能なストローク操作が1件も含まれていません。)
C:/Users/mibu0/Documents/develop/AI Stroke Painter MVP ZIP/ai_stroke_painter/libs/ui/tests/KisAiStrokeProgramTest.cpp(636) : failure location
PASS   : KisAiStrokeProgramTest::testMangaLinesParsingAndRefinement()
PASS   : KisAiStrokeProgramTest::testGoalModePayloadAndVisionModelDetection()
PASS   : KisAiStrokeProgramTest::testGoalModeProgramStepAndMerge()
PASS   : KisAiStrokeProgramTest::testNewProceduralDomains()
PASS   : KisAiStrokeProgramTest::testPixelCoordinateThresholdBoundary()
PASS   : KisAiStrokeProgramTest::testGoalModeProgramStepDynamicTotalSteps()
PASS   : KisAiStrokeProgramTest::testGoalModePayloadDynamicPhase()
PASS   : KisAiStrokeProgramTest::testParsePointsNanAndInfProtection()
PASS   : KisAiStrokeProgramTest::testIsReasoningModel()
PASS   : KisAiStrokeProgramTest::testScalarCoordinateAutoNormalization()
PASS   : KisAiStrokeProgramTest::testParseSseStreamChunk()
PASS   : KisAiStrokeProgramTest::testAcceptedResponseContentType()
PASS   : KisAiStrokeProgramTest::testGoalModeCompletionInvariant()
PASS   : KisAiStrokeProgramTest::testSchemaVersionValidation()
PASS   : KisAiStrokeProgramTest::testUserCorruptedJsonRepair()
FAIL!  : KisAiStrokeProgramTest::testJsonSyntaxRepairVariousCases() 'KisAiStrokeProgramCodec::parseResponse(singleQuotesAndUnquoted, &prog2, &err2)' returned FALSE. (LLM応答から有効なストローク操作を救出できませんでした。)
C:/Users/mibu0/Documents/develop/AI Stroke Painter MVP ZIP/ai_stroke_painter/libs/ui/tests/KisAiStrokeProgramTest.cpp(1396) : failure location
PASS   : KisAiStrokeProgramTest::testExtractOperationsFromTruncatedEnvelope()
PASS   : KisAiStrokeProgramTest::testSupportsJsonFormat()
PASS   : KisAiStrokeProgramTest::cleanupTestCase()
Totals: 36 passed, 3 failed, 0 skipped, 0 blacklisted, 7ms
********* Finished testing of KisAiStrokeProgramTest *********
